// Jest Snapshot v1, https://goo.gl/fbAQLP

exports[`footer renders correctly 1`] = `
<section
  className="footer"
>
  <div
    className="row"
  >
    <div
      className="col-12 col-md-3"
    >
      <p>
        <a
          href="#"
          target="_blank"
        >
          Our Menu
        </a>
        <br />
        <a
          href="#"
          target="_blank"
        >
          Plans
        </a>
        <br />
        <a
          href="#"
          target="_blank"
        >
          Gifts
        </a>
        <br />
        <a
          href="#"
          target="_blank"
        >
          Our Vision
        </a>
        <br />
        <a
          href="#"
          target="_blank"
        >
          Do Not "Sell" My Information
        </a>
      </p>
    </div>
    <div
      className="col-12 col-md-2"
    >
      <p>
        <a
          href="#"
          target="_blank"
        >
          Blog
        </a>
        <br />
        <a
          href="#"
          target="_blank"
        >
          Recipes
        </a>
        <br />
        <a
          href="#"
          target="_blank"
        >
          Affiliates
        </a>
      </p>
    </div>
    <div
      className="col-12 col-md-2"
    >
      <p>
        <a
          href="#"
          target="_blank"
        >
          Press
        </a>
        <br />
        <a
          href="#"
          target="_blank"
        >
          Our Team
        </a>
        <br />
        <a
          href="#"
          target="_blank"
        >
          Investor Relations
        </a>
      </p>
    </div>
    <div
      className="col-12 col-md-2"
    >
      <p>
        <b
          href="#"
          target="_blank"
        >
          Customer Support:
        </b>
        <br />
        <a
          href="#"
          target="_blank"
        >
          Help Center & FAQ 
        </a>
        <br />
        <a
          href="#"
          target="_blank"
        >
          contact@savor.com
        </a>
        <br />
        <p>
          (617) 384-3475
        </p>
      </p>
    </div>
  </div>
  <div
    className="copyright"
  >
    <p>
      Copyright Â© 2020 SAVOR USA. All rights reserved.
    </p>
  </div>
</section>
`;
